[mobirise.com/extensions/boldm5/technology-company/index.html]
[mobirise.com/extensions/boldm5/technology-company/assets/images/logo.png]
[backblue.gif]
[fade.gif]
[index.html]
[mobirise.com/extensions/boldm5/technology-company/assets/web/assets/mobirise-icons2/mobirise2.css]
[mobirise.com/extensions/boldm5/technology-company/assets/web/assets/mobirise-icons/mobirise-icons.css]
[mobirise.com/extensions/boldm5/technology-company/assets/bootstrap/css/bootstrap.min.css]
[mobirise.com/extensions/boldm5/technology-company/assets/bootstrap/css/bootstrap-grid.min.css]
[mobirise.com/extensions/boldm5/technology-company/assets/bootstrap/css/bootstrap-reboot.min.css]
[mobirise.com/extensions/boldm5/technology-company/assets/parallax/jarallax.css]
[mobirise.com/extensions/boldm5/technology-company/assets/dropdown/css/style.css]
[mobirise.com/extensions/boldm5/technology-company/assets/socicon/css/styles.css]
[mobirise.com/extensions/boldm5/technology-company/assets/theme/css/style.css]
[mobirise.com/extensions/boldm5/technology-company/assets/recaptcha.css]
[mobirise.com/extensions/boldm5/technology-company/assets/mobirise/css/mbr-additional.css]
[mobirise.com/extensions/boldm5/technology-company/assets/images/image12.jpg]
[mobirise.com/extensions/boldm5/technology-company/assets/images/image19.jpg]
[mobirise.com/extensions/boldm5/technology-company/assets/images/image1.jpg]
[mobirise.com/extensions/boldm5/technology-company/assets/images/image14.jpg]
[mobirise.com/extensions/boldm5/technology-company/assets/images/image10.jpg]
[mobirise.com/extensions/boldm5/technology-company/assets/images/image20.jpg]
[mobirise.com/extensions/boldm5/technology-company/assets/images/background1.jpg]
[mobirise.com/extensions/boldm5/technology-company/assets/images/image13.jpg]
[mobirise.com/extensions/boldm5/technology-company/assets/images/image7.jpg]
[mobirise.com/extensions/boldm5/technology-company/assets/images/image15.jpg]
[mobirise.com/extensions/boldm5/technology-company/assets/images/background2.jpg]
[mobirise.com/extensions/boldm5/technology-company/assets/images/image9.jpg]
[mobirise.com/extensions/boldm5/technology-company/assets/images/image2.jpg]
[mobirise.com/extensions/boldm5/technology-company/assets/bootstrap/js/bootstrap.bundle.min.js]
[mobirise.com/extensions/boldm5/technology-company/assets/parallax/jarallax.js]
[mobirise.com/extensions/boldm5/technology-company/assets/smoothscroll/smooth-scroll.js]
[mobirise.com/extensions/boldm5/technology-company/assets/ytplayer/index.js]
[mobirise.com/extensions/boldm5/technology-company/assets/dropdown/js/navbar-dropdown.js]
[mobirise.com/extensions/boldm5/technology-company/assets/embla/embla.min.js]
[mobirise.com/extensions/boldm5/technology-company/assets/embla/script.js]
[mobirise.com/extensions/boldm5/technology-company/assets/theme/js/script.js]
[mobirise.com/extensions/boldm5/technology-company/assets/formoid.min.js]
[mobirise.com/extensions/boldm5/technology-company/index.html]
[mobirise.com/extensions/boldm5/technology-company/assets/web/assets/mobirise-icons2/mobirise21e04.eot]
[mobirise.com/extensions/boldm5/technology-company/assets/web/assets/mobirise-icons2/mobirise21e04.ttf]
[mobirise.com/extensions/boldm5/technology-company/assets/web/assets/mobirise-icons2/mobirise21e04.woff]
[mobirise.com/extensions/boldm5/technology-company/assets/web/assets/mobirise-icons2/mobirise2.css]
[mobirise.com/extensions/boldm5/technology-company/assets/web/assets/mobirise-icons2/mobirise21e04.svg]
[mobirise.com/extensions/boldm5/technology-company/assets/web/assets/mobirise-icons/mobirise-icons0e1c.eot]
[mobirise.com/extensions/boldm5/technology-company/assets/web/assets/mobirise-icons/mobirise-icons0e1c.ttf]
[mobirise.com/extensions/boldm5/technology-company/assets/web/assets/mobirise-icons/mobirise-icons0e1c.woff]
[mobirise.com/extensions/boldm5/technology-company/assets/web/assets/mobirise-icons/mobirise-icons.css]
[mobirise.com/extensions/boldm5/technology-company/assets/bootstrap/css/bootstrap.min.css]
[mobirise.com/extensions/boldm5/technology-company/assets/bootstrap/css/bootstrap-grid.min.css]
[mobirise.com/extensions/boldm5/technology-company/assets/bootstrap/css/bootstrap-reboot.min.css]
[mobirise.com/extensions/boldm5/technology-company/assets/parallax/jarallax.css]
[mobirise.com/extensions/boldm5/technology-company/assets/dropdown/css/style.css]
[mobirise.com/extensions/boldm5/technology-company/assets/web/assets/mobirise-icons/mobirise-icons0e1c.svg]
[mobirise.com/extensions/boldm5/technology-company/assets/socicon/fonts/socicon.eot]
[mobirise.com/extensions/boldm5/technology-company/assets/socicon/fonts/socicond41d.eot]
[mobirise.com/extensions/boldm5/technology-company/assets/socicon/fonts/socicon.woff2]
[mobirise.com/extensions/boldm5/technology-company/assets/socicon/fonts/socicon.ttf]
[mobirise.com/extensions/boldm5/technology-company/assets/socicon/fonts/socicon.woff]
[mobirise.com/extensions/boldm5/technology-company/assets/socicon/css/styles.css]
[mobirise.com/extensions/boldm5/technology-company/assets/theme/css/style.css]
[mobirise.com/extensions/boldm5/technology-company/assets/recaptcha.css]
[mobirise.com/extensions/boldm5/technology-company/assets/mobirise/css/mbr-additional.css]
[mobirise.com/extensions/boldm5/technology-company/assets/web/assets/mobirise-icons2/mobirise21e04.svg]
[mobirise.com/extensions/boldm5/technology-company/assets/web/assets/mobirise-icons/mobirise-icons0e1c.svg]
[mobirise.com/extensions/boldm5/technology-company/assets/socicon/fonts/socicon.svg]
[mobirise.com/extensions/boldm5/technology-company/assets/socicon/fonts/socicon.svg]
